// Jest Snapshot v1, https://goo.gl/fbAQLP

exports[`Container test 1`] = `
<div
  id="fakeId"
  onClick={[Function]}
>
  deep
</div>
`;
